2020-09-12 16:40:54.006 1315-3597/? E/AdbDebuggingManager: Caught an exception opening the socket: java.io.IOException: No such file or directory
2020-09-12 16:40:54.800 1315-1329/? E/HwNetworkManagementService: onWebStatInfoReport
2020-09-12 16:40:56.010 1315-3597/? E/AdbDebuggingManager: Caught an exception opening the socket: java.io.IOException: No such file or directory
2020-09-12 16:40:58.016 1315-3597/? E/AdbDebuggingManager: Caught an exception opening the socket: java.io.IOException: No such file or directory
2020-09-12 16:41:00.022 1315-3597/? E/AdbDebuggingManager: Caught an exception opening the socket: java.io.IOException: No such file or directory
2020-09-12 16:41:02.026 1315-3597/? E/AdbDebuggingManager: Caught an exception opening the socket: java.io.IOException: No such file or directory
2020-09-12 16:41:02.412 1315-1488/? E/HwAodManager: setPowerState with HwAodManager not exist!
2020-09-12 16:41:02.614 1315-1488/? E/ColorFade: eglDestroySurface failed: error 12301
    java.lang.Throwable
        at com.android.server.display.ColorFade.logEglError(libmapleservices.so:544068)
        at com.android.server.display.ColorFade.destroyEglSurface(libmapleservices.so:1551996)
        at com.android.server.display.ColorFade.dismissResources(libmapleservices.so:3340620)
        at com.android.server.display.DisplayPowerController.animateScreenStateChange(libmapleservices.so:4242492)
        at com.android.server.display.DisplayPowerController.updatePowerState(libmapleservices.so:4247984)
        at com.android.server.display.DisplayPowerController$DisplayControllerHandler.handleMessage(libmapleservices.so:4300788)
        at android.os.Handler.dispatchMessage(libmapleframework.so:5499600)
        at android.os.Looper.loop(libmapleframework.so:4048252)
        at android.os.HandlerThread.run(libmapleframework.so:4034792)
        at com.android.server.ServiceThread.run(libmapleservices.so:4571456)
2020-09-12 16:41:02.902 748-748/? E/WifiHAL: enter wifi_get_link_stats
2020-09-12 16:41:02.907 734-1245/? E/DE H =ACET: countAceError:558: getACE() return 1
2020-09-12 16:41:02.929 2132-2627/? E/BoosterUtil: convertSubIdToSlotId failed, subId:0, slotId:-1
2020-09-12 16:41:02.929 2132-2627/? E/BoosterUtil: getDefaultDataSlotId failed, invalid slotId:-1, subId:0
2020-09-12 16:41:02.930 2132-2627/? E/BoosterUtil: convertSubIdToSlotId failed, subId:0, slotId:-1
2020-09-12 16:41:02.930 2132-2627/? E/BoosterUtil: getDefaultDataSlotId failed, invalid slotId:-1, subId:0
2020-09-12 16:41:02.930 2132-2627/? E/BoosterGameP: inValidCQI:-1
2020-09-12 16:41:02.931 2132-2627/? E/BoosterUtil: convertSubIdToSlotId failed, subId:0, slotId:-1
2020-09-12 16:41:02.931 2132-2627/? E/BoosterUtil: getDefaultDataSlotId failed, invalid slotId:-1, subId:0
2020-09-12 16:41:02.932 2132-2627/? E/BoosterUtil: convertSubIdToSlotId failed, subId:0, slotId:-1
2020-09-12 16:41:02.932 2132-2627/? E/BoosterUtil: getDefaultDataSlotId failed, invalid slotId:-1, subId:0
2020-09-12 16:41:02.932 2132-2627/? E/BoosterUtil: convertSubIdToSlotId failed, subId:0, slotId:-1
2020-09-12 16:41:02.932 2132-2627/? E/BoosterUtil: getDefaultDataSlotId failed, invalid slotId:-1, subId:0
2020-09-12 16:41:02.933 2132-2627/? E/BoosterUtil: convertSubIdToSlotId failed, subId:0, slotId:-1
2020-09-12 16:41:02.933 2132-2627/? E/BoosterUtil: getDefaultDataSlotId failed, invalid slotId:-1, subId:0
2020-09-12 16:41:02.934 2132-2627/? E/BoosterUtil: convertSubIdToSlotId failed, subId:0, slotId:-1
2020-09-12 16:41:02.934 2132-2627/? E/BoosterUtil: getDefaultDataSlotId failed, invalid slotId:-1, subId:0
2020-09-12 16:41:02.934 2132-2627/? E/BoosterUtil: convertSubIdToSlotId failed, subId:0, slotId:-1
2020-09-12 16:41:02.934 2132-2627/? E/BoosterUtil: getDefaultDataSlotId failed, invalid slotId:-1, subId:0
2020-09-12 16:41:02.935 2132-2627/? E/BoosterUtil: convertSubIdToSlotId failed, subId:0, slotId:-1
2020-09-12 16:41:02.935 2132-2627/? E/BoosterUtil: getDefaultDataSlotId failed, invalid slotId:-1, subId:0
2020-09-12 16:41:02.936 2132-2627/? E/BoosterUtil: convertSubIdToSlotId failed, subId:0, slotId:-1
2020-09-12 16:41:02.936 2132-2627/? E/BoosterUtil: getDefaultDataSlotId failed, invalid slotId:-1, subId:0
2020-09-12 16:41:02.937 2132-2627/? E/BoosterUtil: convertSubIdToSlotId failed, subId:0, slotId:-1
2020-09-12 16:41:02.937 2132-2627/? E/BoosterUtil: getDefaultDataSlotId failed, invalid slotId:-1, subId:0
2020-09-12 16:41:02.937 2132-2627/? E/BoosterUtil: convertSubIdToSlotId failed, subId:0, slotId:-1
2020-09-12 16:41:02.938 2132-2627/? E/BoosterUtil: getDefaultDataSlotId failed, invalid slotId:-1, subId:0
2020-09-12 16:41:02.938 2132-2627/? E/BoosterUtil: convertSubIdToSlotId failed, subId:0, slotId:-1
2020-09-12 16:41:02.938 2132-2627/? E/BoosterUtil: getDefaultDataSlotId failed, invalid slotId:-1, subId:0
2020-09-12 16:41:02.939 2132-2627/? E/BoosterUtil: convertSubIdToSlotId failed, subId:0, slotId:-1
2020-09-12 16:41:02.939 2132-2627/? E/BoosterUtil: getDefaultDataSlotId failed, invalid slotId:-1, subId:0
2020-09-12 16:41:03.005 2568-3168/? E/bt_stack: [ERROR:bta_gattc_act.cc(228)] bta_gattc_deregister p_clreg->num_clcb is 0
2020-09-12 16:41:03.005 1767-1767/? E/OCTTY: [main:349] install already set to 
2020-09-12 16:41:03.012 1767-1767/? E/OCTTY: [main:349] install already set to 
2020-09-12 16:41:03.047 2128-2128/? E/CHR_ChrNetwork: nsaNotToNrProc enter
2020-09-12 16:41:03.061 2568-3168/? E/bt_stack: [ERROR:bta_gattc_act.cc(228)] bta_gattc_deregister p_clreg->num_clcb is 0
2020-09-12 16:41:03.104 973-1082/? E/FusionD: (FdMsgProcessing:946):Msg Id is invalid!
2020-09-12 16:41:04.030 1315-3597/? E/AdbDebuggingManager: Caught an exception opening the socket: java.io.IOException: No such file or directory
2020-09-12 16:41:10.630 967-4896/? E/iMonitor: [ERecovery]ReadEvent: ERecoveryEventManager ReadEvent 0
2020-09-12 16:41:12.585 720-2017/? E/android.hardware.usb@1.0-service: uevent received SUBSYSTEM=dual_role_usb
2020-09-12 16:41:06.033 1315-3597/? E/AdbDebuggingManager: Caught an exception opening the socket: java.io.IOException: No such file or directory
2020-09-12 16:41:12.627 1315-2299/? E/ProcessInfoCollector: getProcessInfo: failed to find this proc 
2020-09-12 16:41:12.643 26150-26150/? E/bms_file: file /sys/class/hw_power/bat_heating/status is invalid
2020-09-12 16:41:12.674 740-740/? E/hwvibrator@1.1-service: CheckHaptics: not support haptic effect
2020-09-12 16:41:12.677 748-748/? E/WifiHAL: enter wifi_get_link_stats
2020-09-12 16:41:12.697 1315-1488/? E/HwAodManager: setPowerState with HwAodManager not exist!
2020-09-12 16:41:12.697 1315-1409/? E/BatteryExternalStatsWorker: no controller energy info supplied for bluetooth
2020-09-12 16:41:12.713 23694-23694/? E/d.process.medi: Not starting debugger since process cannot load the jdwp agent.
2020-09-12 16:41:12.727 734-1245/? E/DE H =ACET: countAceError:558: getACE() return 1
2020-09-12 16:41:12.744 734-1245/? E/DE H =ACET: countAceError:558: getACE() return 1
2020-09-12 16:41:12.761 734-1245/? E/DE H =ACET: countAceError:558: getACE() return 1
2020-09-12 16:41:12.828 1315-2299/? E/ProcessInfoCollector: getProcessInfo: failed to find this proc 
2020-09-12 16:41:12.850 2127-26214/? E/NightChargeAI/Main: NOT in NIGHT charge range, 2020-09-12 16:41:12
2020-09-12 16:41:12.850 2127-26214/? E/NightChargeAI/Main: CheckOnStartCharge Fail, -102
2020-09-12 16:41:12.859 748-748/? E/WifiHAL: enter wifi_get_link_stats
2020-09-12 16:41:12.868 3894-26023/? E/DataSrv-10.6.0.301-O-0728-23:24-Dispatcher: event 1 handler takes too much time: 16
2020-09-12 16:41:12.869 3894-26023/? E/DataSrv-10.6.0.301-O-0728-23:24-IntelligentAlertFlow: less than 20 minutes since last screen on processed. no Need to process.
2020-09-12 16:41:12.869 3894-26023/? E/DataSrv-10.6.0.301-O-0728-23:24-PersistentPolicyFlow: less than 20 minutes since last screen on processed. no Need to process.
2020-09-12 16:41:12.882 747-747/? E/TS_Service: hwSetFeatureConfig
2020-09-12 16:41:12.889 3894-26023/? E/DataSrv-10.6.0.301-O-0728-23:24-Dispatcher: event 1 handler takes too much time: 20
2020-09-12 16:41:12.897 2338-2338/? E/TotemWeather: LocalCalendar:invalid param calendarId. 
2020-09-12 16:41:12.937 840-872/? E/afehal: Delay 60000 us to HDL after screen on
2020-09-12 16:41:12.951 2132-2627/? E/BoosterUtil: convertSubIdToSlotId failed, subId:0, slotId:-1
2020-09-12 16:41:12.951 2132-2627/? E/BoosterUtil: getDefaultDataSlotId failed, invalid slotId:-1, subId:0
2020-09-12 16:41:12.955 2132-2627/? E/BoosterUtil: convertSubIdToSlotId failed, subId:0, slotId:-1
2020-09-12 16:41:12.955 2132-2627/? E/BoosterUtil: getDefaultDataSlotId failed, invalid slotId:-1, subId:0
2020-09-12 16:41:12.957 2132-2627/? E/BoosterUtil: convertSubIdToSlotId failed, subId:0, slotId:-1
2020-09-12 16:41:12.957 2132-2627/? E/BoosterUtil: getDefaultDataSlotId failed, invalid slotId:-1, subId:0
2020-09-12 16:41:12.957 2132-2627/? E/BoosterGameP: inValidCQI:-1
2020-09-12 16:41:12.960 2132-2627/? E/BoosterUtil: convertSubIdToSlotId failed, subId:0, slotId:-1
2020-09-12 16:41:12.960 2132-2627/? E/BoosterUtil: getDefaultDataSlotId failed, invalid slotId:-1, subId:0
2020-09-12 16:41:12.962 2132-2627/? E/BoosterUtil: convertSubIdToSlotId failed, subId:0, slotId:-1
2020-09-12 16:41:12.962 2132-2627/? E/BoosterUtil: getDefaultDataSlotId failed, invalid slotId:-1, subId:0
2020-09-12 16:41:12.962 2132-2627/? E/BoosterPlugin: getPSNetworkType failed, invalid slotId=-1
2020-09-12 16:41:12.965 720-2017/? E/android.hardware.usb@1.0-service: uevent received SUBSYSTEM=dual_role_usb
2020-09-12 16:41:12.965 720-2017/? E/android.hardware.usb@1.0-service: uevent received SUBSYSTEM=dual_role_usb
2020-09-12 16:41:12.967 2132-2627/? E/BoosterUtil: convertSubIdToSlotId failed, subId:0, slotId:-1
2020-09-12 16:41:12.967 2132-2627/? E/BoosterUtil: getDefaultDataSlotId failed, invalid slotId:-1, subId:0
2020-09-12 16:41:12.967 2132-2627/? E/BoosterPlugin: getPSNetworkType failed, invalid slotId=-1
2020-09-12 16:41:12.968 2132-2627/? E/BoosterUtil: convertSubIdToSlotId failed, subId:0, slotId:-1
2020-09-12 16:41:12.968 2132-2627/? E/BoosterUtil: getDefaultDataSlotId failed, invalid slotId:-1, subId:0
2020-09-12 16:41:12.968 2132-2627/? E/BoosterPlugin: getPSNetworkType failed, invalid slotId=-1
2020-09-12 16:41:12.969 2132-2627/? E/BoosterUtil: convertSubIdToSlotId failed, subId:0, slotId:-1
2020-09-12 16:41:12.969 2132-2627/? E/BoosterUtil: getDefaultDataSlotId failed, invalid slotId:-1, subId:0
2020-09-12 16:41:12.970 2132-2627/? E/BoosterUtil: convertSubIdToSlotId failed, subId:0, slotId:-1
2020-09-12 16:41:12.970 2132-2627/? E/BoosterUtil: getDefaultDataSlotId failed, invalid slotId:-1, subId:0
2020-09-12 16:41:12.971 2132-2627/? E/BoosterUtil: convertSubIdToSlotId failed, subId:0, slotId:-1
2020-09-12 16:41:12.971 2132-2627/? E/BoosterUtil: getDefaultDataSlotId failed, invalid slotId:-1, subId:0
2020-09-12 16:41:12.971 2132-2627/? E/BoosterPlugin: getPSNetworkType failed, invalid slotId=-1
2020-09-12 16:41:12.971 2132-2627/? E/BoosterUtil: convertSubIdToSlotId failed, subId:0, slotId:-1
2020-09-12 16:41:12.971 2132-2627/? E/BoosterUtil: getDefaultDataSlotId failed, invalid slotId:-1, subId:0
2020-09-12 16:41:12.973 2132-2627/? E/BoosterUtil: convertSubIdToSlotId failed, subId:0, slotId:-1
2020-09-12 16:41:12.973 2132-2627/? E/BoosterUtil: getDefaultDataSlotId failed, invalid slotId:-1, subId:0
2020-09-12 16:41:12.973 2132-2132/? E/BoosterUtil: convertSubIdToSlotId failed, subId:0, slotId:-1
2020-09-12 16:41:12.973 2132-2132/? E/BoosterUtil: getDefaultDataSlotId failed, invalid slotId:-1, subId:0
2020-09-12 16:41:12.974 2132-2627/? E/BoosterUtil: convertSubIdToSlotId failed, subId:0, slotId:-1
2020-09-12 16:41:12.974 2132-2627/? E/BoosterUtil: getDefaultDataSlotId failed, invalid slotId:-1, subId:0
2020-09-12 16:41:12.976 2132-2627/? E/BoosterUtil: convertSubIdToSlotId failed, subId:0, slotId:-1
2020-09-12 16:41:12.976 2132-2627/? E/BoosterUtil: getDefaultDataSlotId failed, invalid slotId:-1, subId:0
2020-09-12 16:41:12.977 2132-2132/? E/DeepNoDisturbSM: isNetworkTypeSuitDeepNoDisturbMode, invalid subId:-1
2020-09-12 16:41:12.979 2132-2627/? E/BoosterUtil: convertSubIdToSlotId failed, subId:0, slotId:-1
2020-09-12 16:41:12.979 2132-2627/? E/BoosterUtil: getDefaultDataSlotId failed, invalid slotId:-1, subId:0
2020-09-12 16:41:13.015 935-8200/? E/MediaPlayerService: getDuration returned -2147483648
2020-09-12 16:41:13.027 1767-1767/? E/OCTTY: [main:349] install already set to 
2020-09-12 16:41:13.034 1767-1767/? E/OCTTY: [main:349] install already set to 
2020-09-12 16:41:13.038 22773-25321/? E/HwLBSService.HwNLPWifiScanManager:  isNeedCellScan cellScannNum : 0
2020-09-12 16:41:13.054 840-840/? E/aptouch_daemon: update_frame, thp_afe_get_frame return nullptr
2020-09-12 16:41:13.093 1315-3597/? E/AdbDebuggingManager: Caught an exception opening the socket: java.io.IOException: No such file or directory
2020-09-12 16:41:13.111 973-1082/? E/FusionD: (FdMsgProcessing:946):Msg Id is invalid!
2020-09-12 16:41:13.127 2338-2338/? E/TotemWeather: LocalCalendar:invalid param calendarId. 
2020-09-12 16:41:13.131 840-840/? E/afehal: set afe status
2020-09-12 16:41:13.336 1315-2299/? E/ProcessInfoCollector: getProcessInfo: failed to find this proc 
2020-09-12 16:41:13.339 23722-23722/? E/huawei.magazin: Not starting debugger since process cannot load the jdwp agent.
2020-09-12 16:41:13.509 967-4896/? E/iMonitor: [ERecovery]ReadEvent: ERecoveryEventManager ReadEvent 0
2020-09-12 16:41:13.541 747-747/? E/TS_Service: hwTsSetAftConfig
2020-09-12 16:41:13.584 513-513/? E/OEMINFO_NVM_SERVER:  OeminfoReadValidData:index(101), oeminfo data not find !!!!
2020-09-12 16:41:13.584 513-513/? E/OEMINFO_NVM_SERVER:  OeminfoReadData, index(103) fail to read oeminfo
2020-09-12 16:41:13.584 513-513/? E/OEMINFO_NVM_SERVER:  OinvCmdHandler: pid 842, operation oeminfo_read and ret -1 fail.
2020-09-12 16:41:13.584 842-857/? E/OEMINFO_NVM_CLIENT: OinvRecvReturn: RET_FAIL return.
2020-09-12 16:41:13.585 842-857/? E/OEMINFO_NVM_CLIENT: rmt_oeminfo_read: index(103) get data from server fail.
2020-09-12 16:41:13.617 1315-2299/? E/ProcessInfoCollector: getProcessInfo: failed to find this proc 
2020-09-12 16:41:13.728 916-11070/? E/AGPService: LcdFpsControl: refresh frame num has run out.
2020-09-12 16:41:13.791 1315-2299/? E/ProcessInfoCollector: getProcessInfo: failed to find this proc 
2020-09-12 16:41:13.799 1315-2299/? E/ProcessInfoCollector: getProcessInfo: failed to find this proc 
2020-09-12 16:41:13.812 23734-23734/? E/ei.phoneservic: Not starting debugger since process cannot load the jdwp agent.
2020-09-12 16:41:13.887 952-1025/? E/bastetd: [ProxySocket    ] NotifySocketErrState# No record found by comm prop, state=196619
2020-09-12 16:41:14.053 23726-26414/? E/SmartNotifyService: obj null
2020-09-12 16:41:14.057 1315-2495/? E/HwProtectAreaService: nativeReadProtectAreaJava:error ret is -1 !
2020-09-12 16:41:14.066 23726-26414/? E/XmlInsertUtils: SAX analysis error.
2020-09-12 16:41:14.105 23726-26414/? E/SmartNotifyService: obj null
2020-09-12 16:41:14.109 23726-26414/? E/XmlInsertUtils: SAX analysis error.
2020-09-12 16:41:14.156 23726-26414/? E/DetectCommandManager: cursor null, can not get notify state
2020-09-12 16:41:14.163 513-513/? E/OEMINFO_NVM_SERVER:  OeminfoReadValidData:index(2602), oeminfo data not find !!!!
2020-09-12 16:41:14.163 513-513/? E/OEMINFO_NVM_SERVER:  OeminfoReadData, index(207) fail to read oeminfo
2020-09-12 16:41:14.163 513-513/? E/OEMINFO_NVM_SERVER:  OinvCmdHandler: pid 736, operation oeminfo_read and ret -1 fail.
2020-09-12 16:41:14.163 736-736/? E/OEMINFO_NVM_CLIENT: OinvRecvReturn: RET_FAIL return.
2020-09-12 16:41:14.164 736-736/? E/OEMINFO_NVM_CLIENT: rmt_oeminfo_read: index(207) get data from server fail.
2020-09-12 16:41:14.164 1315-2495/? E/HwProtectAreaService: nativeReadProtectAreaJava:error ret is -1 !
2020-09-12 16:41:14.183 23726-26414/? E/DetectCommandManager: cursor null, can not get notify state
2020-09-12 16:41:14.190 23726-26414/? E/SmartNotifyService: mDetectList null or isEmpty
2020-09-12 16:41:14.283 23737-23737/? E/HwOUC: [main-1]getUnsignedProfile Exception(ProfileVerifier.java:163)
2020-09-12 16:41:14.316 23737-23737/? E/HwOUC: [main-1]ProfileXml buildFromFile error : not exist(ProfileXml.java:236)
2020-09-12 16:41:14.390 23737-23737/? E/HwOUC: [main-1]ProfileXml buildFromFile error : not exist(ProfileXml.java:236)
2020-09-12 16:41:14.571 23726-26346/? E/XmlInsertUtils: occur parser configuration error.
2020-09-12 16:41:14.770 23737-26480/? E/HwOUC: [A_NORMAL_CheckManager-242]getUnsignedProfile Exception(ProfileVerifier.java:163)
2020-09-12 16:41:14.782 23734-26474/? E/HMSSDK_Util: In isAvailableLibExist, Failed to read meta data for the availableLoaded.
2020-09-12 16:41:14.848 2591-26483/? E/fwkit_msg_arw: [E/fwkit/fwkit_msg_arw 2591:474 AIDLResponseWrapper.java:64] intent is null
2020-09-12 16:41:14.859 22773-25321/? E/HwLBSService.HwNLPWifiScanManager:  cellInfoSize :  0
2020-09-12 16:41:14.873 22773-25320/? E/HwLBSService.TencentEngine: tencentGenerateCellInfoPair  cellInfoLists is null   
2020-09-12 16:41:14.907 513-513/? E/OEMINFO_NVM_SERVER:  OeminfoReadValidData:index(48), oeminfo data not find !!!!
2020-09-12 16:41:14.907 513-513/? E/OEMINFO_NVM_SERVER:  OeminfoReadData, index(136) fail to read oeminfo
2020-09-12 16:41:14.907 513-513/? E/OEMINFO_NVM_SERVER:  OinvCmdHandler: pid 736, operation oeminfo_read and ret -1 fail.
2020-09-12 16:41:14.907 736-736/? E/OEMINFO_NVM_CLIENT: OinvRecvReturn: RET_FAIL return.
2020-09-12 16:41:14.907 736-736/? E/OEMINFO_NVM_CLIENT: rmt_oeminfo_read: index(136) get data from server fail.
2020-09-12 16:41:14.908 1315-2036/? E/HwCCOEM: getActivationStatus error!
2020-09-12 16:41:14.914 23737-26480/? E/HwOUC: [A_NORMAL_CheckManager-242]method invoke failed: android.hwtheme.HwThemeManagerNative(HwOucUtility.java:3286)
2020-09-12 16:41:14.960 23737-26480/? E/ActivityThread: Failed to find provider info for service_oversea_rom
2020-09-12 16:41:15.018 2110-9733/? E/MagazineProvider: magazine provice disabled or Bundle is null, skip call. is extras null:true
2020-09-12 16:41:15.043 23737-26480/? E/HwOUC: [A_NORMAL_CheckManager-242]getUnsignedProfile Exception(ProfileVerifier.java:163)
2020-09-12 16:41:15.048 23737-26480/? E/HwOUC: [A_NORMAL_CheckManager-242]getUnsignedProfile Exception(ProfileVerifier.java:163)
2020-09-12 16:41:15.097 1315-3597/? E/AdbDebuggingManager: Caught an exception opening the socket: java.io.IOException: No such file or directory
2020-09-12 16:41:15.306 1315-2275/? E/WindowManager: win=Window{12124e1 u0 ChargingAnimView} destroySurfaces: appStopped=true win.mWindowRemovalAllowed=false win.mRemoveOnExit=false
2020-09-12 16:41:15.310 747-747/? E/TS_Service: hwTsSetAftConfig
2020-09-12 16:41:15.504 1315-2500/? E/WindowManager: mWindowSurfaceController is null!!
2020-09-12 16:41:15.527 747-747/? E/TS_Service: hwTsSetAftConfig
2020-09-12 16:41:15.529 3875-4714/? E/EventManager: CAWARENESS: postEvent() awarenessListener == null
2020-09-12 16:41:15.531 2132-2627/? E/BoosterUtil: convertSubIdToSlotId failed, subId:0, slotId:-1
2020-09-12 16:41:15.531 2132-2627/? E/BoosterUtil: getDefaultDataSlotId failed, invalid slotId:-1, subId:0
2020-09-12 16:41:15.533 2132-2627/? E/SmartDualCardConfig: isAppInBlackList false,items==null
2020-09-12 16:41:15.533 2132-2627/? E/ScgQuickAddManager: the compName is :com.supercell.clashroyale
2020-09-12 16:41:15.541 19565-20498/? E/HiSuggestion_11.0.6.303_CardData: buildCardInfo mCardInfoBean is null commute
2020-09-12 16:41:15.574 2132-2627/? E/BoosterUtil: convertSubIdToSlotId failed, subId:0, slotId:-1
2020-09-12 16:41:15.574 2132-2627/? E/BoosterUtil: getDefaultDataSlotId failed, invalid slotId:-1, subId:0
2020-09-12 16:41:15.577 2132-2627/? E/BoosterUtil: convertSubIdToSlotId failed, subId:0, slotId:-1
2020-09-12 16:41:15.577 2132-2627/? E/BoosterUtil: getDefaultDataSlotId failed, invalid slotId:-1, subId:0
2020-09-12 16:41:15.578 2132-2627/? E/BoosterUtil: convertSubIdToSlotId failed, subId:0, slotId:-1
2020-09-12 16:41:15.578 2132-2627/? E/BoosterUtil: getDefaultDataSlotId failed, invalid slotId:-1, subId:0
2020-09-12 16:41:15.597 2132-2627/? E/BoosterUtil: convertSubIdToSlotId failed, subId:0, slotId:-1
2020-09-12 16:41:15.597 2132-2627/? E/BoosterUtil: getDefaultDataSlotId failed, invalid slotId:-1, subId:0
2020-09-12 16:41:15.601 2132-2627/? E/BoosterUtil: convertSubIdToSlotId failed, subId:0, slotId:-1
2020-09-12 16:41:15.601 2132-2627/? E/BoosterUtil: getDefaultDataSlotId failed, invalid slotId:-1, subId:0
2020-09-12 16:41:15.603 2132-2627/? E/BoosterUtil: convertSubIdToSlotId failed, subId:0, slotId:-1
2020-09-12 16:41:15.603 2132-2627/? E/BoosterUtil: getDefaultDataSlotId failed, invalid slotId:-1, subId:0
2020-09-12 16:41:15.604 2132-2627/? E/BoosterUtil: convertSubIdToSlotId failed, subId:0, slotId:-1
2020-09-12 16:41:15.604 2132-2627/? E/BoosterUtil: getDefaultDataSlotId failed, invalid slotId:-1, subId:0
2020-09-12 16:41:15.605 21145-23603/? E/AwareLog: eglSlice: report time too small
2020-09-12 16:41:15.606 2132-2627/? E/BoosterUtil: convertSubIdToSlotId failed, subId:0, slotId:-1
2020-09-12 16:41:15.606 2132-2627/? E/BoosterUtil: getDefaultDataSlotId failed, invalid slotId:-1, subId:0
2020-09-12 16:41:15.625 2338-2338/? E/TotemWeather: LocalCalendar:invalid param calendarId. 
2020-09-12 16:41:15.630 2110-3021/? E/Tile.EbookModeTile: Get current ebook mode fail, default mode is OFF
2020-09-12 16:41:15.662 1315-1349/? E/WindowManager: win=Window{11c4bb9 u0 SnapshotStartingWindow for taskId=448 EXITING} destroySurfaces: appStopped=false win.mWindowRemovalAllowed=true win.mRemoveOnExit=true